C:\Users\evbarmpas\eclipse-workspace\service-level-agreement-generator\src\main\java\org\seerc\nebulous\sla\rest\SALConnection.java
C:\Users\evbarmpas\eclipse-workspace\service-level-agreement-generator\src\main\java\org\seerc\nebulous\sla\components\IpAddress.java
C:\Users\evbarmpas\eclipse-workspace\service-level-agreement-generator\src\main\java\org\seerc\nebulous\sla\rest\SLAGetController.java
C:\Users\evbarmpas\eclipse-workspace\service-level-agreement-generator\src\main\java\org\seerc\nebulous\sla\rest\CreateIndividualPostBody.java
C:\Users\evbarmpas\eclipse-workspace\service-level-agreement-generator\src\main\java\org\seerc\nebulous\sla\rest\SALConnectPostBody.java
C:\Users\evbarmpas\eclipse-workspace\service-level-agreement-generator\src\main\java\org\seerc\nebulous\sla\rest\EXNConnection.java
C:\Users\evbarmpas\eclipse-workspace\service-level-agreement-generator\src\main\java\org\seerc\nebulous\sla\components\SL.java
C:\Users\evbarmpas\eclipse-workspace\service-level-agreement-generator\src\main\java\org\seerc\nebulous\sla\rest\SLAServeUI.java
C:\Users\evbarmpas\eclipse-workspace\service-level-agreement-generator\src\main\java\org\seerc\nebulous\sla\components\LogicalOperator.java
C:\Users\evbarmpas\eclipse-workspace\service-level-agreement-generator\src\main\java\org\seerc\nebulous\sla\rest\MetricHandler.java
C:\Users\evbarmpas\eclipse-workspace\service-level-agreement-generator\src\main\java\org\seerc\nebulous\sla\components\NodeProperties.java
C:\Users\evbarmpas\eclipse-workspace\service-level-agreement-generator\src\main\java\org\seerc\nebulous\sla\components\LoginCredential.java
C:\Users\evbarmpas\eclipse-workspace\service-level-agreement-generator\src\main\java\org\seerc\nebulous\fileParsers\MetricModelParser.java
C:\Users\evbarmpas\eclipse-workspace\service-level-agreement-generator\src\main\java\org\seerc\nebulous\sla\rest\SLAPostController.java
C:\Users\evbarmpas\eclipse-workspace\service-level-agreement-generator\src\main\java\org\seerc\nebulous\sla\components\Settlement.java
C:\Users\evbarmpas\eclipse-workspace\service-level-agreement-generator\src\main\java\org\seerc\nebulous\sla\rest\RequestMetric.java
C:\Users\evbarmpas\eclipse-workspace\service-level-agreement-generator\src\main\java\org\seerc\nebulous\sla\components\SLTransition.java
C:\Users\evbarmpas\eclipse-workspace\service-level-agreement-generator\src\main\java\org\seerc\nebulous\sla\rest\ActiveMQConnection.java
C:\Users\evbarmpas\eclipse-workspace\service-level-agreement-generator\src\main\java\org\seerc\nebulous\sla\components\ComplexConstraint.java
C:\Users\evbarmpas\eclipse-workspace\service-level-agreement-generator\src\main\java\org\seerc\nebulous\sla\components\CompositeMetric.java
C:\Users\evbarmpas\eclipse-workspace\service-level-agreement-generator\src\main\java\org\seerc\nebulous\sla\components\GeoLocation.java
C:\Users\evbarmpas\eclipse-workspace\service-level-agreement-generator\src\main\java\org\seerc\nebulous\sla\rest\CreateDataPropertyPostBody.java
C:\Users\evbarmpas\eclipse-workspace\service-level-agreement-generator\src\main\java\org\seerc\nebulous\sla\rest\SLADeleteController.java
C:\Users\evbarmpas\eclipse-workspace\service-level-agreement-generator\src\main\java\org\seerc\nebulous\sla\components\OperatingSystem.java
C:\Users\evbarmpas\eclipse-workspace\service-level-agreement-generator\src\main\java\org\seerc\nebulous\sla\components\RecurseConstraint.java
C:\Users\evbarmpas\eclipse-workspace\service-level-agreement-generator\src\main\java\org\seerc\nebulous\sla\components\SLA.java
C:\Users\evbarmpas\eclipse-workspace\service-level-agreement-generator\src\main\java\org\seerc\nebulous\fileParsers\KubevelaParser.java
C:\Users\evbarmpas\eclipse-workspace\service-level-agreement-generator\src\main\java\org\seerc\nebulous\sla\components\Constraint.java
C:\Users\evbarmpas\eclipse-workspace\service-level-agreement-generator\src\main\java\org\seerc\nebulous\sla\components\WindowOutput.java
C:\Users\evbarmpas\eclipse-workspace\service-level-agreement-generator\src\main\java\org\seerc\nebulous\sla\components\Metric.java
C:\Users\evbarmpas\eclipse-workspace\service-level-agreement-generator\src\main\java\org\seerc\nebulous\sla\components\RawMetric.java
C:\Users\evbarmpas\eclipse-workspace\service-level-agreement-generator\src\main\java\org\seerc\nebulous\sla\components\ComparisonOperator.java
C:\Users\evbarmpas\eclipse-workspace\service-level-agreement-generator\src\main\java\org\seerc\nebulous\sla\components\DeviceSLA.java
C:\Users\evbarmpas\eclipse-workspace\service-level-agreement-generator\src\main\java\org\seerc\nebulous\sla\rest\CreateObjectPropertyPostBody.java
C:\Users\evbarmpas\eclipse-workspace\service-level-agreement-generator\src\main\java\org\seerc\nebulous\sla\SLAGenerator.java
C:\Users\evbarmpas\eclipse-workspace\service-level-agreement-generator\src\main\java\org\seerc\nebulous\sla\rest\RequestSL.java
C:\Users\evbarmpas\eclipse-workspace\service-level-agreement-generator\src\main\java\org\seerc\nebulous\sla\components\InMemorySLAAttributes.java
C:\Users\evbarmpas\eclipse-workspace\service-level-agreement-generator\src\main\java\org\seerc\nebulous\sla\rest\RegisterAssetBodyInserter.java
C:\Users\evbarmpas\eclipse-workspace\service-level-agreement-generator\src\main\java\org\seerc\nebulous\sla\components\Sensor.java
C:\Users\evbarmpas\eclipse-workspace\service-level-agreement-generator\src\main\java\org\seerc\nebulous\sla\rest\OntologyConnection.java
C:\Users\evbarmpas\eclipse-workspace\service-level-agreement-generator\src\main\java\org\seerc\nebulous\sla\components\ConstraintDeserialiser.java
C:\Users\evbarmpas\eclipse-workspace\service-level-agreement-generator\src\main\java\org\seerc\nebulous\sla\components\SimpleConstraint.java
C:\Users\evbarmpas\eclipse-workspace\service-level-agreement-generator\src\main\java\org\seerc\nebulous\sla\rest\RequestSLO.java
C:\Users\evbarmpas\eclipse-workspace\service-level-agreement-generator\src\main\java\org\seerc\nebulous\sla\components\SLO.java
